EN seg_disp_clk_4ms NULL C:/Users/jorilla/musicplayer/musicplayer/seg_disp_clk_4ms.vhd sub00/vhpl26 1572396376
AR mux_3to1_4b behavioral C:/Users/jorilla/musicplayer/musicplayer/mux_3to1_4b.vhd sub00/vhpl29 1572396383
EN semiq_counter NULL C:/Users/jorilla/musicplayer/musicplayer/semiq_counter.vhd sub00/vhpl18 1572396370
EN seg_disp_decoder NULL C:/Users/jorilla/musicplayer/musicplayer/seg_disp_decoder.vhd sub00/vhpl30 1572396380
EN addr_counter NULL C:/Users/jorilla/musicplayer/musicplayer/addr_counter.vhd sub00/vhpl11 1572396356
AR addr_counter behavioral C:/Users/jorilla/musicplayer/musicplayer/addr_counter.vhd sub00/vhpl12 1572396357
AR musicplayer behavioral C:/Users/jorilla/musicplayer/musicplayer/musicplayer.vhd sub00/vhpl01 1572396385
AR note_len_decoder behavioral C:/Users/jorilla/musicplayer/musicplayer/note_len_decoder.vhd sub00/vhpl07 1572396365
EN bin_to_7seg NULL C:/Users/jorilla/musicplayer/musicplayer/bin_to_7seg.vhd sub00/vhpl22 1572396374
AR seg_disp_counter behavioral C:/Users/jorilla/musicplayer/musicplayer/seg_disp_counter.vhd sub00/vhpl25 1572396379
EN rom NULL C:/Users/jorilla/musicplayer/musicplayer/rom.vhd sub00/vhpl08 1572396358
AR rom behavioral C:/Users/jorilla/musicplayer/musicplayer/rom.vhd sub00/vhpl13 1572396359
AR semiq_counter behavioral C:/Users/jorilla/musicplayer/musicplayer/semiq_counter.vhd sub00/vhpl19 1572396371
EN mux_3to1_4b NULL C:/Users/jorilla/musicplayer/musicplayer/mux_3to1_4b.vhd sub00/vhpl28 1572396382
EN tempo_dig_breakdown NULL C:/Users/jorilla/musicplayer/musicplayer/tempo_dig_breakdown.vhd sub00/vhpl20 1572396372
AR freq_counter behavioral C:/Users/jorilla/musicplayer/musicplayer/freq_counter.vhd sub00/vhpl05 1572396363
EN note_len_counter NULL C:/Users/jorilla/musicplayer/musicplayer/note_len_counter.vhd sub00/vhpl14 1572396366
EN tempo_decoder NULL C:/Users/jorilla/musicplayer/musicplayer/tempo_decoder.vhd sub00/vhpl16 1572396368
AR seg_disp_decoder behavioral C:/Users/jorilla/musicplayer/musicplayer/seg_disp_decoder.vhd sub00/vhpl31 1572396381
AR seg_disp_clk_4ms behavioral C:/Users/jorilla/musicplayer/musicplayer/seg_disp_clk_4ms.vhd sub00/vhpl27 1572396377
EN freq_counter NULL C:/Users/jorilla/musicplayer/musicplayer/freq_counter.vhd sub00/vhpl04 1572396362
AR tempo_dig_breakdown behavioral C:/Users/jorilla/musicplayer/musicplayer/tempo_dig_breakdown.vhd sub00/vhpl21 1572396373
AR bin_to_7seg behavioral C:/Users/jorilla/musicplayer/musicplayer/bin_to_7seg.vhd sub00/vhpl23 1572396375
EN seg_disp_counter NULL C:/Users/jorilla/musicplayer/musicplayer/seg_disp_counter.vhd sub00/vhpl24 1572396378
AR note_len_counter behavioral C:/Users/jorilla/musicplayer/musicplayer/note_len_counter.vhd sub00/vhpl15 1572396367
EN musicplayer NULL C:/Users/jorilla/musicplayer/musicplayer/musicplayer.vhd sub00/vhpl00 1572396384
AR freq_decoder behavioral C:/Users/jorilla/musicplayer/musicplayer/freq_decoder.vhd sub00/vhpl03 1572396361
EN note_len_decoder NULL C:/Users/jorilla/musicplayer/musicplayer/note_len_decoder.vhd sub00/vhpl06 1572396364
EN comparator NULL C:/Users/jorilla/musicplayer/musicplayer/comparator.vhd sub00/vhpl09 1572396354
AR tempo_decoder behavioral C:/Users/jorilla/musicplayer/musicplayer/tempo_decoder.vhd sub00/vhpl17 1572396369
AR comparator behavioral C:/Users/jorilla/musicplayer/musicplayer/comparator.vhd sub00/vhpl10 1572396355
EN freq_decoder NULL C:/Users/jorilla/musicplayer/musicplayer/freq_decoder.vhd sub00/vhpl02 1572396360
