EN seg_disp_clk_4ms NULL C:/Users/jorilla/musicplayer/musicplayer/seg_disp_clk_4ms.vhd sub00/vhpl26 1572315669
AR mux_3to1_4b behavioral C:/Users/jorilla/musicplayer/musicplayer/mux_3to1_4b.vhd sub00/vhpl29 1572315676
EN semiq_counter NULL C:/Users/jorilla/musicplayer/musicplayer/semiq_counter.vhd sub00/vhpl18 1572315663
EN seg_disp_decoder NULL C:/Users/jorilla/musicplayer/musicplayer/seg_disp_decoder.vhd sub00/vhpl30 1572315673
EN addr_counter NULL C:/Users/jorilla/musicplayer/musicplayer/addr_counter.vhd sub00/vhpl11 1572315649
AR addr_counter behavioral C:/Users/jorilla/musicplayer/musicplayer/addr_counter.vhd sub00/vhpl12 1572315650
AR musicplayer behavioral C:/Users/jorilla/musicplayer/musicplayer/musicplayer.vhd sub00/vhpl01 1572315678
AR note_len_decoder behavioral C:/Users/jorilla/musicplayer/musicplayer/note_len_decoder.vhd sub00/vhpl07 1572315658
EN bin_to_7seg NULL C:/Users/jorilla/musicplayer/musicplayer/bin_to_7seg.vhd sub00/vhpl22 1572315667
AR seg_disp_counter behavioral C:/Users/jorilla/musicplayer/musicplayer/seg_disp_counter.vhd sub00/vhpl25 1572315672
EN rom NULL C:/Users/jorilla/musicplayer/musicplayer/rom.vhd sub00/vhpl08 1572315651
AR rom behavioral C:/Users/jorilla/musicplayer/musicplayer/rom.vhd sub00/vhpl13 1572315652
AR semiq_counter behavioral C:/Users/jorilla/musicplayer/musicplayer/semiq_counter.vhd sub00/vhpl19 1572315664
EN mux_3to1_4b NULL C:/Users/jorilla/musicplayer/musicplayer/mux_3to1_4b.vhd sub00/vhpl28 1572315675
EN tempo_dig_breakdown NULL C:/Users/jorilla/musicplayer/musicplayer/tempo_dig_breakdown.vhd sub00/vhpl20 1572315665
AR freq_counter behavioral C:/Users/jorilla/musicplayer/musicplayer/freq_counter.vhd sub00/vhpl05 1572315656
EN note_len_counter NULL C:/Users/jorilla/musicplayer/musicplayer/note_len_counter.vhd sub00/vhpl14 1572315659
EN tempo_decoder NULL C:/Users/jorilla/musicplayer/musicplayer/tempo_decoder.vhd sub00/vhpl16 1572315661
AR seg_disp_decoder behavioral C:/Users/jorilla/musicplayer/musicplayer/seg_disp_decoder.vhd sub00/vhpl31 1572315674
AR seg_disp_clk_4ms behavioral C:/Users/jorilla/musicplayer/musicplayer/seg_disp_clk_4ms.vhd sub00/vhpl27 1572315670
EN freq_counter NULL C:/Users/jorilla/musicplayer/musicplayer/freq_counter.vhd sub00/vhpl04 1572315655
AR tempo_dig_breakdown behavioral C:/Users/jorilla/musicplayer/musicplayer/tempo_dig_breakdown.vhd sub00/vhpl21 1572315666
AR bin_to_7seg behavioral C:/Users/jorilla/musicplayer/musicplayer/bin_to_7seg.vhd sub00/vhpl23 1572315668
EN seg_disp_counter NULL C:/Users/jorilla/musicplayer/musicplayer/seg_disp_counter.vhd sub00/vhpl24 1572315671
AR note_len_counter behavioral C:/Users/jorilla/musicplayer/musicplayer/note_len_counter.vhd sub00/vhpl15 1572315660
EN musicplayer NULL C:/Users/jorilla/musicplayer/musicplayer/musicplayer.vhd sub00/vhpl00 1572315677
AR freq_decoder behavioral C:/Users/jorilla/musicplayer/musicplayer/freq_decoder.vhd sub00/vhpl03 1572315654
EN note_len_decoder NULL C:/Users/jorilla/musicplayer/musicplayer/note_len_decoder.vhd sub00/vhpl06 1572315657
EN comparator NULL C:/Users/jorilla/musicplayer/musicplayer/comparator.vhd sub00/vhpl09 1572315647
AR tempo_decoder behavioral C:/Users/jorilla/musicplayer/musicplayer/tempo_decoder.vhd sub00/vhpl17 1572315662
AR comparator behavioral C:/Users/jorilla/musicplayer/musicplayer/comparator.vhd sub00/vhpl10 1572315648
EN freq_decoder NULL C:/Users/jorilla/musicplayer/musicplayer/freq_decoder.vhd sub00/vhpl02 1572315653
